2026-04-10 12:47:23,037 INFO o.a.j.u.JMeterUtils: Setting Locale to en_EN
2026-04-10 12:47:23,050 INFO o.a.j.JMeter: Loading user properties from: user.properties
2026-04-10 12:47:23,051 INFO o.a.j.JMeter: Loading system properties from: system.properties
2026-04-10 12:47:23,058 INFO o.a.j.JMeter: Copyright (c) 1998-2024 The Apache Software Foundation
2026-04-10 12:47:23,058 INFO o.a.j.JMeter: Version 5.6.3
2026-04-10 12:47:23,058 INFO o.a.j.JMeter: java.version=25.0.1
2026-04-10 12:47:23,058 INFO o.a.j.JMeter: java.vm.name=OpenJDK 64-Bit Server VM
2026-04-10 12:47:23,058 INFO o.a.j.JMeter: os.name=Windows 11
2026-04-10 12:47:23,058 INFO o.a.j.JMeter: os.arch=amd64
2026-04-10 12:47:23,058 INFO o.a.j.JMeter: os.version=10.0
2026-04-10 12:47:23,058 INFO o.a.j.JMeter: file.encoding=UTF-8
2026-04-10 12:47:23,058 INFO o.a.j.JMeter: java.awt.headless=null
2026-04-10 12:47:23,058 INFO o.a.j.JMeter: Max memory     =1073741824
2026-04-10 12:47:23,058 INFO o.a.j.JMeter: Available Processors =12
2026-04-10 12:47:23,069 INFO o.a.j.JMeter: Default Locale=English (EN)
2026-04-10 12:47:23,070 INFO o.a.j.JMeter: JMeter  Locale=English (EN)
2026-04-10 12:47:23,070 INFO o.a.j.JMeter: JMeterHome=D:\Prueba_Tecnica_Jesus_Ramirez\ejercicio-performance\apache-jmeter-5.6.3
2026-04-10 12:47:23,070 INFO o.a.j.JMeter: user.dir  =D:\Prueba_Tecnica_Jesus_Ramirez\ejercicio-performance\apache-jmeter-5.6.3\bin
2026-04-10 12:47:23,071 INFO o.a.j.JMeter: PWD       =D:\Prueba_Tecnica_Jesus_Ramirez\ejercicio-performance\apache-jmeter-5.6.3\bin
2026-04-10 12:47:28,137 INFO o.a.j.JMeter: IP: 192.168.33.1 Name: Yisus FullName: Yisus
2026-04-10 12:47:28,147 INFO o.a.j.JMeter: Loaded icon properties from org/apache/jmeter/images/icon.properties
2026-04-10 12:47:28,334 INFO o.a.j.JMeterGuiLauncher: Setting LAF to: com.github.weisj.darklaf.DarkLaf:com.github.weisj.darklaf.theme.IntelliJTheme
2026-04-10 12:47:29,609 INFO o.a.j.r.ClassFinder: Will scan jar D:\Prueba_Tecnica_Jesus_Ramirez\ejercicio-performance\apache-jmeter-5.6.3\lib\ext\jmeter-plugins-graphs-basic-2.0.jar with filter ExtendsClassFilter [parents=[interface org.apache.jmeter.gui.action.Command], inner=false, contains=null, notContains=null]. Consider exposing JMeter plugins via META-INF/services, and add JMeter-Skip-Class-Scanning=true manifest attribute so JMeter can skip classfile scanning
2026-04-10 12:47:29,614 INFO o.a.j.r.ClassFinder: Will scan jar D:\Prueba_Tecnica_Jesus_Ramirez\ejercicio-performance\apache-jmeter-5.6.3\lib\ext\jmeter-plugins-graphs-additional-2.0.jar with filter ExtendsClassFilter [parents=[interface org.apache.jmeter.gui.action.Command], inner=false, contains=null, notContains=null]. Consider exposing JMeter plugins via META-INF/services, and add JMeter-Skip-Class-Scanning=true manifest attribute so JMeter can skip classfile scanning
2026-04-10 12:47:29,616 INFO o.a.j.r.ClassFinder: Will scan jar D:\Prueba_Tecnica_Jesus_Ramirez\ejercicio-performance\apache-jmeter-5.6.3\lib\ext\jmeter-plugins-manager-1.10.jar with filter ExtendsClassFilter [parents=[interface org.apache.jmeter.gui.action.Command], inner=false, contains=null, notContains=null]. Consider exposing JMeter plugins via META-INF/services, and add JMeter-Skip-Class-Scanning=true manifest attribute so JMeter can skip classfile scanning
2026-04-10 12:47:29,695 INFO o.a.j.r.ClassFinder: Will scan jar D:\Prueba_Tecnica_Jesus_Ramirez\ejercicio-performance\apache-jmeter-5.6.3\lib\ext\jmeter-plugins-tst-2.6.jar with filter ExtendsClassFilter [parents=[interface org.apache.jmeter.gui.action.Command], inner=false, contains=null, notContains=null]. Consider exposing JMeter plugins via META-INF/services, and add JMeter-Skip-Class-Scanning=true manifest attribute so JMeter can skip classfile scanning
2026-04-10 12:47:29,698 INFO o.a.j.r.ClassFinder: Will scan jar D:\Prueba_Tecnica_Jesus_Ramirez\ejercicio-performance\apache-jmeter-5.6.3\lib\ext\jmeter-plugins-fifo-0.2.jar with filter ExtendsClassFilter [parents=[interface org.apache.jmeter.gui.action.Command], inner=false, contains=null, notContains=null]. Consider exposing JMeter plugins via META-INF/services, and add JMeter-Skip-Class-Scanning=true manifest attribute so JMeter can skip classfile scanning
2026-04-10 12:47:29,705 INFO o.a.j.r.ClassFinder: Will scan jar D:\Prueba_Tecnica_Jesus_Ramirez\ejercicio-performance\apache-jmeter-5.6.3\lib\ext\jmeter-plugins-perfmon-2.1.jar with filter ExtendsClassFilter [parents=[interface org.apache.jmeter.gui.action.Command], inner=false, contains=null, notContains=null]. Consider exposing JMeter plugins via META-INF/services, and add JMeter-Skip-Class-Scanning=true manifest attribute so JMeter can skip classfile scanning
2026-04-10 12:47:29,717 INFO o.a.j.r.ClassFinder: Will scan jar D:\Prueba_Tecnica_Jesus_Ramirez\ejercicio-performance\apache-jmeter-5.6.3\lib\ext\jmeter-plugins-webdriver-4.13.0.2.jar with filter ExtendsClassFilter [parents=[interface org.apache.jmeter.gui.action.Command], inner=false, contains=null, notContains=null]. Consider exposing JMeter plugins via META-INF/services, and add JMeter-Skip-Class-Scanning=true manifest attribute so JMeter can skip classfile scanning
2026-04-10 12:47:29,739 INFO o.a.j.r.ClassFinder: Will scan jar D:\Prueba_Tecnica_Jesus_Ramirez\ejercicio-performance\apache-jmeter-5.6.3\lib\ext\jmeter-plugins-ffw-2.0.jar with filter ExtendsClassFilter [parents=[interface org.apache.jmeter.gui.action.Command], inner=false, contains=null, notContains=null]. Consider exposing JMeter plugins via META-INF/services, and add JMeter-Skip-Class-Scanning=true manifest attribute so JMeter can skip classfile scanning
2026-04-10 12:47:29,741 INFO o.a.j.r.ClassFinder: Will scan jar D:\Prueba_Tecnica_Jesus_Ramirez\ejercicio-performance\apache-jmeter-5.6.3\lib\ext\jmeter-plugins-casutg-2.10.jar with filter ExtendsClassFilter [parents=[interface org.apache.jmeter.gui.action.Command], inner=false, contains=null, notContains=null]. Consider exposing JMeter plugins via META-INF/services, and add JMeter-Skip-Class-Scanning=true manifest attribute so JMeter can skip classfile scanning
2026-04-10 12:47:29,753 INFO o.a.j.r.ClassFinder: Will scan jar D:\Prueba_Tecnica_Jesus_Ramirez\ejercicio-performance\apache-jmeter-5.6.3\lib\ext\jmeter-plugins-dummy-0.4.jar with filter ExtendsClassFilter [parents=[interface org.apache.jmeter.gui.action.Command], inner=false, contains=null, notContains=null]. Consider exposing JMeter plugins via META-INF/services, and add JMeter-Skip-Class-Scanning=true manifest attribute so JMeter can skip classfile scanning
2026-04-10 12:47:29,755 INFO o.a.j.r.ClassFinder: Will scan jar D:\Prueba_Tecnica_Jesus_Ramirez\ejercicio-performance\apache-jmeter-5.6.3\lib\ext\jmeter-plugins-xml-0.1.jar with filter ExtendsClassFilter [parents=[interface org.apache.jmeter.gui.action.Command], inner=false, contains=null, notContains=null]. Consider exposing JMeter plugins via META-INF/services, and add JMeter-Skip-Class-Scanning=true manifest attribute so JMeter can skip classfile scanning
2026-04-10 12:47:29,756 INFO o.a.j.r.ClassFinder: Will scan jar D:\Prueba_Tecnica_Jesus_Ramirez\ejercicio-performance\apache-jmeter-5.6.3\lib\ext\jmeter-plugins-functions-2.2.jar with filter ExtendsClassFilter [parents=[interface org.apache.jmeter.gui.action.Command], inner=false, contains=null, notContains=null]. Consider exposing JMeter plugins via META-INF/services, and add JMeter-Skip-Class-Scanning=true manifest attribute so JMeter can skip classfile scanning
2026-04-10 12:47:29,818 INFO o.a.j.r.ClassFinder: Will scan jar D:\Prueba_Tecnica_Jesus_Ramirez\ejercicio-performance\apache-jmeter-5.6.3\lib\ext\jmeter-plugins-graphs-basic-2.0.jar with filter ExtendsClassFilter [parents=[interface org.apache.jmeter.gui.plugin.MenuCreator], inner=false, contains=null, notContains=null]. Consider exposing JMeter plugins via META-INF/services, and add JMeter-Skip-Class-Scanning=true manifest attribute so JMeter can skip classfile scanning
2026-04-10 12:47:29,818 INFO o.a.j.r.ClassFinder: Will scan jar D:\Prueba_Tecnica_Jesus_Ramirez\ejercicio-performance\apache-jmeter-5.6.3\lib\ext\jmeter-plugins-graphs-additional-2.0.jar with filter ExtendsClassFilter [parents=[interface org.apache.jmeter.gui.plugin.MenuCreator], inner=false, contains=null, notContains=null]. Consider exposing JMeter plugins via META-INF/services, and add JMeter-Skip-Class-Scanning=true manifest attribute so JMeter can skip classfile scanning
2026-04-10 12:47:29,819 INFO o.a.j.r.ClassFinder: Will scan jar D:\Prueba_Tecnica_Jesus_Ramirez\ejercicio-performance\apache-jmeter-5.6.3\lib\ext\jmeter-plugins-manager-1.10.jar with filter ExtendsClassFilter [parents=[interface org.apache.jmeter.gui.plugin.MenuCreator], inner=false, contains=null, notContains=null]. Consider exposing JMeter plugins via META-INF/services, and add JMeter-Skip-Class-Scanning=true manifest attribute so JMeter can skip classfile scanning
2026-04-10 12:47:29,820 INFO o.a.j.r.ClassFinder: Will scan jar D:\Prueba_Tecnica_Jesus_Ramirez\ejercicio-performance\apache-jmeter-5.6.3\lib\ext\jmeter-plugins-tst-2.6.jar with filter ExtendsClassFilter [parents=[interface org.apache.jmeter.gui.plugin.MenuCreator], inner=false, contains=null, notContains=null]. Consider exposing JMeter plugins via META-INF/services, and add JMeter-Skip-Class-Scanning=true manifest attribute so JMeter can skip classfile scanning
2026-04-10 12:47:29,820 INFO o.a.j.r.ClassFinder: Will scan jar D:\Prueba_Tecnica_Jesus_Ramirez\ejercicio-performance\apache-jmeter-5.6.3\lib\ext\jmeter-plugins-fifo-0.2.jar with filter ExtendsClassFilter [parents=[interface org.apache.jmeter.gui.plugin.MenuCreator], inner=false, contains=null, notContains=null]. Consider exposing JMeter plugins via META-INF/services, and add JMeter-Skip-Class-Scanning=true manifest attribute so JMeter can skip classfile scanning
2026-04-10 12:47:29,821 INFO o.a.j.r.ClassFinder: Will scan jar D:\Prueba_Tecnica_Jesus_Ramirez\ejercicio-performance\apache-jmeter-5.6.3\lib\ext\jmeter-plugins-perfmon-2.1.jar with filter ExtendsClassFilter [parents=[interface org.apache.jmeter.gui.plugin.MenuCreator], inner=false, contains=null, notContains=null]. Consider exposing JMeter plugins via META-INF/services, and add JMeter-Skip-Class-Scanning=true manifest attribute so JMeter can skip classfile scanning
2026-04-10 12:47:29,821 INFO o.a.j.r.ClassFinder: Will scan jar D:\Prueba_Tecnica_Jesus_Ramirez\ejercicio-performance\apache-jmeter-5.6.3\lib\ext\jmeter-plugins-webdriver-4.13.0.2.jar with filter ExtendsClassFilter [parents=[interface org.apache.jmeter.gui.plugin.MenuCreator], inner=false, contains=null, notContains=null]. Consider exposing JMeter plugins via META-INF/services, and add JMeter-Skip-Class-Scanning=true manifest attribute so JMeter can skip classfile scanning
2026-04-10 12:47:29,822 INFO o.a.j.r.ClassFinder: Will scan jar D:\Prueba_Tecnica_Jesus_Ramirez\ejercicio-performance\apache-jmeter-5.6.3\lib\ext\jmeter-plugins-ffw-2.0.jar with filter ExtendsClassFilter [parents=[interface org.apache.jmeter.gui.plugin.MenuCreator], inner=false, contains=null, notContains=null]. Consider exposing JMeter plugins via META-INF/services, and add JMeter-Skip-Class-Scanning=true manifest attribute so JMeter can skip classfile scanning
2026-04-10 12:47:29,822 INFO o.a.j.r.ClassFinder: Will scan jar D:\Prueba_Tecnica_Jesus_Ramirez\ejercicio-performance\apache-jmeter-5.6.3\lib\ext\jmeter-plugins-casutg-2.10.jar with filter ExtendsClassFilter [parents=[interface org.apache.jmeter.gui.plugin.MenuCreator], inner=false, contains=null, notContains=null]. Consider exposing JMeter plugins via META-INF/services, and add JMeter-Skip-Class-Scanning=true manifest attribute so JMeter can skip classfile scanning
2026-04-10 12:47:29,823 INFO o.a.j.r.ClassFinder: Will scan jar D:\Prueba_Tecnica_Jesus_Ramirez\ejercicio-performance\apache-jmeter-5.6.3\lib\ext\jmeter-plugins-dummy-0.4.jar with filter ExtendsClassFilter [parents=[interface org.apache.jmeter.gui.plugin.MenuCreator], inner=false, contains=null, notContains=null]. Consider exposing JMeter plugins via META-INF/services, and add JMeter-Skip-Class-Scanning=true manifest attribute so JMeter can skip classfile scanning
2026-04-10 12:47:29,823 INFO o.a.j.r.ClassFinder: Will scan jar D:\Prueba_Tecnica_Jesus_Ramirez\ejercicio-performance\apache-jmeter-5.6.3\lib\ext\jmeter-plugins-xml-0.1.jar with filter ExtendsClassFilter [parents=[interface org.apache.jmeter.gui.plugin.MenuCreator], inner=false, contains=null, notContains=null]. Consider exposing JMeter plugins via META-INF/services, and add JMeter-Skip-Class-Scanning=true manifest attribute so JMeter can skip classfile scanning
2026-04-10 12:47:29,823 INFO o.a.j.r.ClassFinder: Will scan jar D:\Prueba_Tecnica_Jesus_Ramirez\ejercicio-performance\apache-jmeter-5.6.3\lib\ext\jmeter-plugins-functions-2.2.jar with filter ExtendsClassFilter [parents=[interface org.apache.jmeter.gui.plugin.MenuCreator], inner=false, contains=null, notContains=null]. Consider exposing JMeter plugins via META-INF/services, and add JMeter-Skip-Class-Scanning=true manifest attribute so JMeter can skip classfile scanning
2026-04-10 12:47:38,879 INFO o.j.r.JARSourceHTTP: Found cached repo
2026-04-10 12:47:39,046 INFO o.j.r.PluginManager: Plugins Status: [jpgc-graphs-basic=2.0, jpgc-graphs-additional=2.0, jpgc-functions=2.2, jpgc-casutg=2.10, jpgc-dummy=0.4, jpgc-ffw=2.0, jpgc-fifo=0.2, jpgc-perfmon=2.1, jpgc-plugins-manager=1.10, jpgc-webdriver=4.13.0.2, jpgc-tst=2.6, jpgc-xml=0.1, jmeter-core=5.6.3, jmeter-ftp=5.6.3, jmeter-http=5.6.3, jmeter-jdbc=5.6.3, jmeter-jms=5.6.3, jmeter-junit=5.6.3, jmeter-java=5.6.3, jmeter-ldap=5.6.3, jmeter-mail=5.6.3, jmeter-mongodb=5.6.3, jmeter-native=5.6.3, jmeter-tcp=5.6.3, jmeter-components=5.6.3, jpgc-standard=2.0]
2026-04-10 12:47:39,048 INFO o.j.r.PluginManagerMenuItem: Plugins Manager has upgrades: [jpgc-casutg, jpgc-plugins-manager]
2026-04-10 12:49:22,250 INFO o.a.j.s.FileServer: Default base='D:\Prueba_Tecnica_Jesus_Ramirez\ejercicio-performance\apache-jmeter-5.6.3\bin'
2026-04-10 12:49:22,252 INFO o.a.j.g.a.Load: Loading file: D:\Prueba_Tecnica_Jesus_Ramirez\ejercicio-performance\Ejercicio1\Login_Load_Test.jmx
2026-04-10 12:49:22,252 INFO o.a.j.s.FileServer: Set new base='D:\Prueba_Tecnica_Jesus_Ramirez\ejercicio-performance\Ejercicio1'
2026-04-10 12:49:22,449 INFO o.a.j.s.SaveService: Testplan (JMX) version: 2.2. Testlog (JTL) version: 2.2
2026-04-10 12:49:22,453 INFO o.a.j.s.SaveService: Using SaveService properties version 5.0
2026-04-10 12:49:22,455 INFO o.a.j.s.SaveService: Using SaveService properties file encoding UTF-8
2026-04-10 12:49:22,456 INFO o.a.j.s.SaveService: Loading file: D:\Prueba_Tecnica_Jesus_Ramirez\ejercicio-performance\Ejercicio1\Login_Load_Test.jmx
2026-04-10 12:49:22,551 INFO o.a.j.p.h.s.HTTPSamplerBase: Parser for text/html is org.apache.jmeter.protocol.http.parser.LagartoBasedHtmlParser
2026-04-10 12:49:22,551 INFO o.a.j.p.h.s.HTTPSamplerBase: Parser for application/xhtml+xml is org.apache.jmeter.protocol.http.parser.LagartoBasedHtmlParser
2026-04-10 12:49:22,552 INFO o.a.j.p.h.s.HTTPSamplerBase: Parser for application/xml is org.apache.jmeter.protocol.http.parser.LagartoBasedHtmlParser
2026-04-10 12:49:22,552 INFO o.a.j.p.h.s.HTTPSamplerBase: Parser for text/xml is org.apache.jmeter.protocol.http.parser.LagartoBasedHtmlParser
2026-04-10 12:49:22,552 INFO o.a.j.p.h.s.HTTPSamplerBase: Parser for text/vnd.wap.wml is org.apache.jmeter.protocol.http.parser.RegexpHTMLParser
2026-04-10 12:49:22,552 INFO o.a.j.p.h.s.HTTPSamplerBase: Parser for text/css is org.apache.jmeter.protocol.http.parser.CssParser
2026-04-10 12:49:22,798 INFO o.a.j.s.SampleResult: Note: Sample TimeStamps are START times
2026-04-10 12:49:22,798 INFO o.a.j.s.SampleResult: sampleresult.default.encoding is set to UTF-8
2026-04-10 12:49:22,799 INFO o.a.j.s.SampleResult: sampleresult.useNanoTime=true
2026-04-10 12:49:22,799 INFO o.a.j.s.SampleResult: sampleresult.nanoThreadSleep=5000
2026-04-10 12:49:22,814 INFO o.a.j.r.ClassFinder: Will scan jar D:\Prueba_Tecnica_Jesus_Ramirez\ejercicio-performance\apache-jmeter-5.6.3\lib\ext\jmeter-plugins-graphs-basic-2.0.jar with filter ExtendsClassFilter [parents=[interface org.apache.jmeter.visualizers.ResultRenderer], inner=false, contains=null, notContains=null]. Consider exposing JMeter plugins via META-INF/services, and add JMeter-Skip-Class-Scanning=true manifest attribute so JMeter can skip classfile scanning
2026-04-10 12:49:22,814 INFO o.a.j.r.ClassFinder: Will scan jar D:\Prueba_Tecnica_Jesus_Ramirez\ejercicio-performance\apache-jmeter-5.6.3\lib\ext\jmeter-plugins-graphs-additional-2.0.jar with filter ExtendsClassFilter [parents=[interface org.apache.jmeter.visualizers.ResultRenderer], inner=false, contains=null, notContains=null]. Consider exposing JMeter plugins via META-INF/services, and add JMeter-Skip-Class-Scanning=true manifest attribute so JMeter can skip classfile scanning
2026-04-10 12:49:22,815 INFO o.a.j.r.ClassFinder: Will scan jar D:\Prueba_Tecnica_Jesus_Ramirez\ejercicio-performance\apache-jmeter-5.6.3\lib\ext\jmeter-plugins-manager-1.10.jar with filter ExtendsClassFilter [parents=[interface org.apache.jmeter.visualizers.ResultRenderer], inner=false, contains=null, notContains=null]. Consider exposing JMeter plugins via META-INF/services, and add JMeter-Skip-Class-Scanning=true manifest attribute so JMeter can skip classfile scanning
2026-04-10 12:49:22,816 INFO o.a.j.r.ClassFinder: Will scan jar D:\Prueba_Tecnica_Jesus_Ramirez\ejercicio-performance\apache-jmeter-5.6.3\lib\ext\jmeter-plugins-tst-2.6.jar with filter ExtendsClassFilter [parents=[interface org.apache.jmeter.visualizers.ResultRenderer], inner=false, contains=null, notContains=null]. Consider exposing JMeter plugins via META-INF/services, and add JMeter-Skip-Class-Scanning=true manifest attribute so JMeter can skip classfile scanning
2026-04-10 12:49:22,816 INFO o.a.j.r.ClassFinder: Will scan jar D:\Prueba_Tecnica_Jesus_Ramirez\ejercicio-performance\apache-jmeter-5.6.3\lib\ext\jmeter-plugins-fifo-0.2.jar with filter ExtendsClassFilter [parents=[interface org.apache.jmeter.visualizers.ResultRenderer], inner=false, contains=null, notContains=null]. Consider exposing JMeter plugins via META-INF/services, and add JMeter-Skip-Class-Scanning=true manifest attribute so JMeter can skip classfile scanning
2026-04-10 12:49:22,817 INFO o.a.j.r.ClassFinder: Will scan jar D:\Prueba_Tecnica_Jesus_Ramirez\ejercicio-performance\apache-jmeter-5.6.3\lib\ext\jmeter-plugins-perfmon-2.1.jar with filter ExtendsClassFilter [parents=[interface org.apache.jmeter.visualizers.ResultRenderer], inner=false, contains=null, notContains=null]. Consider exposing JMeter plugins via META-INF/services, and add JMeter-Skip-Class-Scanning=true manifest attribute so JMeter can skip classfile scanning
2026-04-10 12:49:22,817 INFO o.a.j.r.ClassFinder: Will scan jar D:\Prueba_Tecnica_Jesus_Ramirez\ejercicio-performance\apache-jmeter-5.6.3\lib\ext\jmeter-plugins-webdriver-4.13.0.2.jar with filter ExtendsClassFilter [parents=[interface org.apache.jmeter.visualizers.ResultRenderer], inner=false, contains=null, notContains=null]. Consider exposing JMeter plugins via META-INF/services, and add JMeter-Skip-Class-Scanning=true manifest attribute so JMeter can skip classfile scanning
2026-04-10 12:49:22,818 INFO o.a.j.r.ClassFinder: Will scan jar D:\Prueba_Tecnica_Jesus_Ramirez\ejercicio-performance\apache-jmeter-5.6.3\lib\ext\jmeter-plugins-ffw-2.0.jar with filter ExtendsClassFilter [parents=[interface org.apache.jmeter.visualizers.ResultRenderer], inner=false, contains=null, notContains=null]. Consider exposing JMeter plugins via META-INF/services, and add JMeter-Skip-Class-Scanning=true manifest attribute so JMeter can skip classfile scanning
2026-04-10 12:49:22,818 INFO o.a.j.r.ClassFinder: Will scan jar D:\Prueba_Tecnica_Jesus_Ramirez\ejercicio-performance\apache-jmeter-5.6.3\lib\ext\jmeter-plugins-casutg-2.10.jar with filter ExtendsClassFilter [parents=[interface org.apache.jmeter.visualizers.ResultRenderer], inner=false, contains=null, notContains=null]. Consider exposing JMeter plugins via META-INF/services, and add JMeter-Skip-Class-Scanning=true manifest attribute so JMeter can skip classfile scanning
2026-04-10 12:49:22,818 INFO o.a.j.r.ClassFinder: Will scan jar D:\Prueba_Tecnica_Jesus_Ramirez\ejercicio-performance\apache-jmeter-5.6.3\lib\ext\jmeter-plugins-dummy-0.4.jar with filter ExtendsClassFilter [parents=[interface org.apache.jmeter.visualizers.ResultRenderer], inner=false, contains=null, notContains=null]. Consider exposing JMeter plugins via META-INF/services, and add JMeter-Skip-Class-Scanning=true manifest attribute so JMeter can skip classfile scanning
2026-04-10 12:49:22,818 INFO o.a.j.r.ClassFinder: Will scan jar D:\Prueba_Tecnica_Jesus_Ramirez\ejercicio-performance\apache-jmeter-5.6.3\lib\ext\jmeter-plugins-xml-0.1.jar with filter ExtendsClassFilter [parents=[interface org.apache.jmeter.visualizers.ResultRenderer], inner=false, contains=null, notContains=null]. Consider exposing JMeter plugins via META-INF/services, and add JMeter-Skip-Class-Scanning=true manifest attribute so JMeter can skip classfile scanning
2026-04-10 12:49:22,819 INFO o.a.j.r.ClassFinder: Will scan jar D:\Prueba_Tecnica_Jesus_Ramirez\ejercicio-performance\apache-jmeter-5.6.3\lib\ext\jmeter-plugins-functions-2.2.jar with filter ExtendsClassFilter [parents=[interface org.apache.jmeter.visualizers.ResultRenderer], inner=false, contains=null, notContains=null]. Consider exposing JMeter plugins via META-INF/services, and add JMeter-Skip-Class-Scanning=true manifest attribute so JMeter can skip classfile scanning
2026-04-10 12:49:22,830 INFO o.a.j.r.ClassFinder: Will scan jar D:\Prueba_Tecnica_Jesus_Ramirez\ejercicio-performance\apache-jmeter-5.6.3\lib\ext\jmeter-plugins-graphs-basic-2.0.jar with filter ExtendsClassFilter [parents=[interface org.apache.jmeter.visualizers.RequestView], inner=false, contains=null, notContains=null]. Consider exposing JMeter plugins via META-INF/services, and add JMeter-Skip-Class-Scanning=true manifest attribute so JMeter can skip classfile scanning
2026-04-10 12:49:22,832 INFO o.a.j.r.ClassFinder: Will scan jar D:\Prueba_Tecnica_Jesus_Ramirez\ejercicio-performance\apache-jmeter-5.6.3\lib\ext\jmeter-plugins-graphs-additional-2.0.jar with filter ExtendsClassFilter [parents=[interface org.apache.jmeter.visualizers.RequestView], inner=false, contains=null, notContains=null]. Consider exposing JMeter plugins via META-INF/services, and add JMeter-Skip-Class-Scanning=true manifest attribute so JMeter can skip classfile scanning
2026-04-10 12:49:22,832 INFO o.a.j.r.ClassFinder: Will scan jar D:\Prueba_Tecnica_Jesus_Ramirez\ejercicio-performance\apache-jmeter-5.6.3\lib\ext\jmeter-plugins-manager-1.10.jar with filter ExtendsClassFilter [parents=[interface org.apache.jmeter.visualizers.RequestView], inner=false, contains=null, notContains=null]. Consider exposing JMeter plugins via META-INF/services, and add JMeter-Skip-Class-Scanning=true manifest attribute so JMeter can skip classfile scanning
2026-04-10 12:49:22,832 INFO o.a.j.r.ClassFinder: Will scan jar D:\Prueba_Tecnica_Jesus_Ramirez\ejercicio-performance\apache-jmeter-5.6.3\lib\ext\jmeter-plugins-tst-2.6.jar with filter ExtendsClassFilter [parents=[interface org.apache.jmeter.visualizers.RequestView], inner=false, contains=null, notContains=null]. Consider exposing JMeter plugins via META-INF/services, and add JMeter-Skip-Class-Scanning=true manifest attribute so JMeter can skip classfile scanning
2026-04-10 12:49:22,833 INFO o.a.j.r.ClassFinder: Will scan jar D:\Prueba_Tecnica_Jesus_Ramirez\ejercicio-performance\apache-jmeter-5.6.3\lib\ext\jmeter-plugins-fifo-0.2.jar with filter ExtendsClassFilter [parents=[interface org.apache.jmeter.visualizers.RequestView], inner=false, contains=null, notContains=null]. Consider exposing JMeter plugins via META-INF/services, and add JMeter-Skip-Class-Scanning=true manifest attribute so JMeter can skip classfile scanning
2026-04-10 12:49:22,833 INFO o.a.j.r.ClassFinder: Will scan jar D:\Prueba_Tecnica_Jesus_Ramirez\ejercicio-performance\apache-jmeter-5.6.3\lib\ext\jmeter-plugins-perfmon-2.1.jar with filter ExtendsClassFilter [parents=[interface org.apache.jmeter.visualizers.RequestView], inner=false, contains=null, notContains=null]. Consider exposing JMeter plugins via META-INF/services, and add JMeter-Skip-Class-Scanning=true manifest attribute so JMeter can skip classfile scanning
2026-04-10 12:49:22,833 INFO o.a.j.r.ClassFinder: Will scan jar D:\Prueba_Tecnica_Jesus_Ramirez\ejercicio-performance\apache-jmeter-5.6.3\lib\ext\jmeter-plugins-webdriver-4.13.0.2.jar with filter ExtendsClassFilter [parents=[interface org.apache.jmeter.visualizers.RequestView], inner=false, contains=null, notContains=null]. Consider exposing JMeter plugins via META-INF/services, and add JMeter-Skip-Class-Scanning=true manifest attribute so JMeter can skip classfile scanning
2026-04-10 12:49:22,834 INFO o.a.j.r.ClassFinder: Will scan jar D:\Prueba_Tecnica_Jesus_Ramirez\ejercicio-performance\apache-jmeter-5.6.3\lib\ext\jmeter-plugins-ffw-2.0.jar with filter ExtendsClassFilter [parents=[interface org.apache.jmeter.visualizers.RequestView], inner=false, contains=null, notContains=null]. Consider exposing JMeter plugins via META-INF/services, and add JMeter-Skip-Class-Scanning=true manifest attribute so JMeter can skip classfile scanning
2026-04-10 12:49:22,834 INFO o.a.j.r.ClassFinder: Will scan jar D:\Prueba_Tecnica_Jesus_Ramirez\ejercicio-performance\apache-jmeter-5.6.3\lib\ext\jmeter-plugins-casutg-2.10.jar with filter ExtendsClassFilter [parents=[interface org.apache.jmeter.visualizers.RequestView], inner=false, contains=null, notContains=null]. Consider exposing JMeter plugins via META-INF/services, and add JMeter-Skip-Class-Scanning=true manifest attribute so JMeter can skip classfile scanning
2026-04-10 12:49:22,835 INFO o.a.j.r.ClassFinder: Will scan jar D:\Prueba_Tecnica_Jesus_Ramirez\ejercicio-performance\apache-jmeter-5.6.3\lib\ext\jmeter-plugins-dummy-0.4.jar with filter ExtendsClassFilter [parents=[interface org.apache.jmeter.visualizers.RequestView], inner=false, contains=null, notContains=null]. Consider exposing JMeter plugins via META-INF/services, and add JMeter-Skip-Class-Scanning=true manifest attribute so JMeter can skip classfile scanning
2026-04-10 12:49:22,835 INFO o.a.j.r.ClassFinder: Will scan jar D:\Prueba_Tecnica_Jesus_Ramirez\ejercicio-performance\apache-jmeter-5.6.3\lib\ext\jmeter-plugins-xml-0.1.jar with filter ExtendsClassFilter [parents=[interface org.apache.jmeter.visualizers.RequestView], inner=false, contains=null, notContains=null]. Consider exposing JMeter plugins via META-INF/services, and add JMeter-Skip-Class-Scanning=true manifest attribute so JMeter can skip classfile scanning
2026-04-10 12:49:22,835 INFO o.a.j.r.ClassFinder: Will scan jar D:\Prueba_Tecnica_Jesus_Ramirez\ejercicio-performance\apache-jmeter-5.6.3\lib\ext\jmeter-plugins-functions-2.2.jar with filter ExtendsClassFilter [parents=[interface org.apache.jmeter.visualizers.RequestView], inner=false, contains=null, notContains=null]. Consider exposing JMeter plugins via META-INF/services, and add JMeter-Skip-Class-Scanning=true manifest attribute so JMeter can skip classfile scanning
2026-04-10 12:49:22,892 INFO o.a.j.s.FileServer: Set new base='D:\Prueba_Tecnica_Jesus_Ramirez\ejercicio-performance\Ejercicio1'
2026-04-10 12:49:28,849 INFO o.a.j.e.StandardJMeterEngine: Running the test!
2026-04-10 12:49:28,850 INFO o.a.j.s.SampleEvent: List of sample_variables: []
2026-04-10 12:49:28,850 INFO o.a.j.s.SampleEvent: List of sample_variables: []
2026-04-10 12:49:28,850 INFO o.a.j.e.u.CompoundVariable: Note: Function class names must contain the string: '.functions.'
2026-04-10 12:49:28,850 INFO o.a.j.e.u.CompoundVariable: Note: Function class names must not contain the string: '.gui.'
2026-04-10 12:49:28,868 INFO o.a.j.r.ClassFinder: Will scan jar D:\Prueba_Tecnica_Jesus_Ramirez\ejercicio-performance\apache-jmeter-5.6.3\lib\ext\jmeter-plugins-graphs-basic-2.0.jar with filter ExtendsClassFilter [parents=[interface org.apache.jmeter.functions.Function], inner=false, contains=null, notContains=null]. Consider exposing JMeter plugins via META-INF/services, and add JMeter-Skip-Class-Scanning=true manifest attribute so JMeter can skip classfile scanning
2026-04-10 12:49:28,868 INFO o.a.j.r.ClassFinder: Will scan jar D:\Prueba_Tecnica_Jesus_Ramirez\ejercicio-performance\apache-jmeter-5.6.3\lib\ext\jmeter-plugins-graphs-additional-2.0.jar with filter ExtendsClassFilter [parents=[interface org.apache.jmeter.functions.Function], inner=false, contains=null, notContains=null]. Consider exposing JMeter plugins via META-INF/services, and add JMeter-Skip-Class-Scanning=true manifest attribute so JMeter can skip classfile scanning
2026-04-10 12:49:28,869 INFO o.a.j.r.ClassFinder: Will scan jar D:\Prueba_Tecnica_Jesus_Ramirez\ejercicio-performance\apache-jmeter-5.6.3\lib\ext\jmeter-plugins-manager-1.10.jar with filter ExtendsClassFilter [parents=[interface org.apache.jmeter.functions.Function], inner=false, contains=null, notContains=null]. Consider exposing JMeter plugins via META-INF/services, and add JMeter-Skip-Class-Scanning=true manifest attribute so JMeter can skip classfile scanning
2026-04-10 12:49:28,870 INFO o.a.j.r.ClassFinder: Will scan jar D:\Prueba_Tecnica_Jesus_Ramirez\ejercicio-performance\apache-jmeter-5.6.3\lib\ext\jmeter-plugins-tst-2.6.jar with filter ExtendsClassFilter [parents=[interface org.apache.jmeter.functions.Function], inner=false, contains=null, notContains=null]. Consider exposing JMeter plugins via META-INF/services, and add JMeter-Skip-Class-Scanning=true manifest attribute so JMeter can skip classfile scanning
2026-04-10 12:49:28,870 INFO o.a.j.r.ClassFinder: Will scan jar D:\Prueba_Tecnica_Jesus_Ramirez\ejercicio-performance\apache-jmeter-5.6.3\lib\ext\jmeter-plugins-fifo-0.2.jar with filter ExtendsClassFilter [parents=[interface org.apache.jmeter.functions.Function], inner=false, contains=null, notContains=null]. Consider exposing JMeter plugins via META-INF/services, and add JMeter-Skip-Class-Scanning=true manifest attribute so JMeter can skip classfile scanning
2026-04-10 12:49:28,871 INFO o.a.j.r.ClassFinder: Will scan jar D:\Prueba_Tecnica_Jesus_Ramirez\ejercicio-performance\apache-jmeter-5.6.3\lib\ext\jmeter-plugins-perfmon-2.1.jar with filter ExtendsClassFilter [parents=[interface org.apache.jmeter.functions.Function], inner=false, contains=null, notContains=null]. Consider exposing JMeter plugins via META-INF/services, and add JMeter-Skip-Class-Scanning=true manifest attribute so JMeter can skip classfile scanning
2026-04-10 12:49:28,871 INFO o.a.j.r.ClassFinder: Will scan jar D:\Prueba_Tecnica_Jesus_Ramirez\ejercicio-performance\apache-jmeter-5.6.3\lib\ext\jmeter-plugins-webdriver-4.13.0.2.jar with filter ExtendsClassFilter [parents=[interface org.apache.jmeter.functions.Function], inner=false, contains=null, notContains=null]. Consider exposing JMeter plugins via META-INF/services, and add JMeter-Skip-Class-Scanning=true manifest attribute so JMeter can skip classfile scanning
2026-04-10 12:49:28,872 INFO o.a.j.r.ClassFinder: Will scan jar D:\Prueba_Tecnica_Jesus_Ramirez\ejercicio-performance\apache-jmeter-5.6.3\lib\ext\jmeter-plugins-ffw-2.0.jar with filter ExtendsClassFilter [parents=[interface org.apache.jmeter.functions.Function], inner=false, contains=null, notContains=null]. Consider exposing JMeter plugins via META-INF/services, and add JMeter-Skip-Class-Scanning=true manifest attribute so JMeter can skip classfile scanning
2026-04-10 12:49:28,872 INFO o.a.j.r.ClassFinder: Will scan jar D:\Prueba_Tecnica_Jesus_Ramirez\ejercicio-performance\apache-jmeter-5.6.3\lib\ext\jmeter-plugins-casutg-2.10.jar with filter ExtendsClassFilter [parents=[interface org.apache.jmeter.functions.Function], inner=false, contains=null, notContains=null]. Consider exposing JMeter plugins via META-INF/services, and add JMeter-Skip-Class-Scanning=true manifest attribute so JMeter can skip classfile scanning
2026-04-10 12:49:28,872 INFO o.a.j.r.ClassFinder: Will scan jar D:\Prueba_Tecnica_Jesus_Ramirez\ejercicio-performance\apache-jmeter-5.6.3\lib\ext\jmeter-plugins-dummy-0.4.jar with filter ExtendsClassFilter [parents=[interface org.apache.jmeter.functions.Function], inner=false, contains=null, notContains=null]. Consider exposing JMeter plugins via META-INF/services, and add JMeter-Skip-Class-Scanning=true manifest attribute so JMeter can skip classfile scanning
2026-04-10 12:49:28,872 INFO o.a.j.r.ClassFinder: Will scan jar D:\Prueba_Tecnica_Jesus_Ramirez\ejercicio-performance\apache-jmeter-5.6.3\lib\ext\jmeter-plugins-xml-0.1.jar with filter ExtendsClassFilter [parents=[interface org.apache.jmeter.functions.Function], inner=false, contains=null, notContains=null]. Consider exposing JMeter plugins via META-INF/services, and add JMeter-Skip-Class-Scanning=true manifest attribute so JMeter can skip classfile scanning
2026-04-10 12:49:28,873 INFO o.a.j.r.ClassFinder: Will scan jar D:\Prueba_Tecnica_Jesus_Ramirez\ejercicio-performance\apache-jmeter-5.6.3\lib\ext\jmeter-plugins-functions-2.2.jar with filter ExtendsClassFilter [parents=[interface org.apache.jmeter.functions.Function], inner=false, contains=null, notContains=null]. Consider exposing JMeter plugins via META-INF/services, and add JMeter-Skip-Class-Scanning=true manifest attribute so JMeter can skip classfile scanning
2026-04-10 12:49:28,882 INFO o.a.j.g.u.JMeterMenuBar: setRunning(true, *local*)
2026-04-10 12:49:28,883 INFO o.a.j.e.StandardJMeterEngine: Starting setUp thread groups
2026-04-10 12:49:28,883 INFO o.a.j.e.StandardJMeterEngine: Starting setUp ThreadGroup: 1 : setUp - Auto-detectar y configurar entorno 
2026-04-10 12:49:28,883 INFO o.a.j.e.StandardJMeterEngine: Starting 1 threads for group setUp - Auto-detectar y configurar entorno.
2026-04-10 12:49:28,883 INFO o.a.j.e.StandardJMeterEngine: Thread will continue on error
2026-04-10 12:49:28,883 INFO o.a.j.t.ThreadGroup: Starting thread group... number=1 threads=1 ramp-up=1 delayedStart=false
2026-04-10 12:49:28,886 INFO o.a.j.t.ThreadGroup: Started thread group number 1
2026-04-10 12:49:28,886 INFO o.a.j.e.StandardJMeterEngine: Waiting for all setup thread groups to exit
2026-04-10 12:49:28,886 INFO o.a.j.t.JMeterThread: Thread started: setUp - Auto-detectar y configurar entorno 1-1
2026-04-10 12:49:29,359 INFO o.a.j.t.JMeterThread: Thread finished: setUp - Auto-detectar y configurar entorno 1-1
2026-04-10 12:49:29,359 ERROR o.a.j.JMeter: Uncaught exception in thread Thread[#63,setUp - Auto-detectar y configurar entorno 1-1,6,main]
org.codehaus.groovy.GroovyBugError: BUG! exception in phase 'semantic analysis' in source unit 'Script1.groovy' Unsupported class file major version 69
	at org.codehaus.groovy.control.CompilationUnit$ISourceUnitOperation.doPhaseOperation(CompilationUnit.java:906) ~[groovy-3.0.20.jar:3.0.20]
	at org.codehaus.groovy.control.CompilationUnit.compile(CompilationUnit.java:628) ~[groovy-3.0.20.jar:3.0.20]
	at groovy.lang.GroovyClassLoader.doParseClass(GroovyClassLoader.java:389) ~[groovy-3.0.20.jar:3.0.20]
	at groovy.lang.GroovyClassLoader.lambda$parseClass$3(GroovyClassLoader.java:332) ~[groovy-3.0.20.jar:3.0.20]
	at org.codehaus.groovy.runtime.memoize.StampedCommonCache.compute(StampedCommonCache.java:163) ~[groovy-3.0.20.jar:3.0.20]
	at org.codehaus.groovy.runtime.memoize.StampedCommonCache.getAndPut(StampedCommonCache.java:154) ~[groovy-3.0.20.jar:3.0.20]
	at groovy.lang.GroovyClassLoader.parseClass(GroovyClassLoader.java:330) ~[groovy-3.0.20.jar:3.0.20]
	at groovy.lang.GroovyClassLoader.parseClass(GroovyClassLoader.java:314) ~[groovy-3.0.20.jar:3.0.20]
	at groovy.lang.GroovyClassLoader.parseClass(GroovyClassLoader.java:257) ~[groovy-3.0.20.jar:3.0.20]
	at org.codehaus.groovy.jsr223.GroovyScriptEngineImpl.getScriptClass(GroovyScriptEngineImpl.java:336) ~[groovy-jsr223-3.0.20.jar:3.0.20]
	at org.codehaus.groovy.jsr223.GroovyScriptEngineImpl.compile(GroovyScriptEngineImpl.java:181) ~[groovy-jsr223-3.0.20.jar:3.0.20]
	at org.apache.jmeter.util.JSR223TestElement.lambda$processFileOrScript$1(JSR223TestElement.java:225) ~[ApacheJMeter_core.jar:5.6.3]
	at com.github.benmanes.caffeine.cache.BoundedLocalCache.lambda$doComputeIfAbsent$14(BoundedLocalCache.java:2406) ~[caffeine-2.9.3.jar:?]
	at java.base/java.util.concurrent.ConcurrentHashMap.compute(ConcurrentHashMap.java:1932) ~[?:?]
	at com.github.benmanes.caffeine.cache.BoundedLocalCache.doComputeIfAbsent(BoundedLocalCache.java:2404) ~[caffeine-2.9.3.jar:?]
	at com.github.benmanes.caffeine.cache.BoundedLocalCache.computeIfAbsent(BoundedLocalCache.java:2387) ~[caffeine-2.9.3.jar:?]
	at com.github.benmanes.caffeine.cache.LocalCache.computeIfAbsent(LocalCache.java:108) ~[caffeine-2.9.3.jar:?]
	at com.github.benmanes.caffeine.cache.LocalManualCache.get(LocalManualCache.java:62) ~[caffeine-2.9.3.jar:?]
	at org.apache.jmeter.util.JSR223TestElement.getCompiledScript(JSR223TestElement.java:252) ~[ApacheJMeter_core.jar:5.6.3]
	at org.apache.jmeter.util.JSR223TestElement.processFileOrScript(JSR223TestElement.java:223) ~[ApacheJMeter_core.jar:5.6.3]
	at org.apache.jmeter.protocol.java.sampler.JSR223Sampler.sample(JSR223Sampler.java:72) ~[ApacheJMeter_java.jar:5.6.3]
	at org.apache.jmeter.threads.JMeterThread.doSampling(JMeterThread.java:651) ~[ApacheJMeter_core.jar:5.6.3]
	at org.apache.jmeter.threads.JMeterThread.executeSamplePackage(JMeterThread.java:570) ~[ApacheJMeter_core.jar:5.6.3]
	at org.apache.jmeter.threads.JMeterThread.processSampler(JMeterThread.java:501) ~[ApacheJMeter_core.jar:5.6.3]
	at org.apache.jmeter.threads.JMeterThread.run(JMeterThread.java:268) ~[ApacheJMeter_core.jar:5.6.3]
	at java.base/java.lang.Thread.run(Thread.java:1474) [?:?]
Caused by: java.lang.IllegalArgumentException: Unsupported class file major version 69
	at groovyjarjarasm.asm.ClassReader.<init>(ClassReader.java:199) ~[groovy-3.0.20.jar:3.0.20]
	at groovyjarjarasm.asm.ClassReader.<init>(ClassReader.java:180) ~[groovy-3.0.20.jar:3.0.20]
	at groovyjarjarasm.asm.ClassReader.<init>(ClassReader.java:166) ~[groovy-3.0.20.jar:3.0.20]
	at groovyjarjarasm.asm.ClassReader.<init>(ClassReader.java:287) ~[groovy-3.0.20.jar:3.0.20]
	at org.codehaus.groovy.ast.decompiled.AsmDecompiler.parseClass(AsmDecompiler.java:81) ~[groovy-3.0.20.jar:3.0.20]
	at org.codehaus.groovy.control.ClassNodeResolver.findDecompiled(ClassNodeResolver.java:251) ~[groovy-3.0.20.jar:3.0.20]
	at org.codehaus.groovy.control.ClassNodeResolver.tryAsLoaderClassOrScript(ClassNodeResolver.java:189) ~[groovy-3.0.20.jar:3.0.20]
	at org.codehaus.groovy.control.ClassNodeResolver.findClassNode(ClassNodeResolver.java:169) ~[groovy-3.0.20.jar:3.0.20]
	at org.codehaus.groovy.control.ClassNodeResolver.resolveName(ClassNodeResolver.java:125) ~[groovy-3.0.20.jar:3.0.20]
	at org.codehaus.groovy.control.ResolveVisitor.resolveToOuter(ResolveVisitor.java:875) ~[groovy-3.0.20.jar:3.0.20]
	at org.codehaus.groovy.control.ResolveVisitor.resolve(ResolveVisitor.java:506) ~[groovy-3.0.20.jar:3.0.20]
	at org.codehaus.groovy.control.ResolveVisitor.resolveFromDefaultImports(ResolveVisitor.java:667) ~[groovy-3.0.20.jar:3.0.20]
	at org.codehaus.groovy.control.ResolveVisitor.resolveFromDefaultImports(ResolveVisitor.java:631) ~[groovy-3.0.20.jar:3.0.20]
	at org.codehaus.groovy.control.ResolveVisitor.resolve(ResolveVisitor.java:505) ~[groovy-3.0.20.jar:3.0.20]
	at org.codehaus.groovy.control.ResolveVisitor.resolve(ResolveVisitor.java:467) ~[groovy-3.0.20.jar:3.0.20]
	at org.codehaus.groovy.control.ResolveVisitor.resolveOrFail(ResolveVisitor.java:337) ~[groovy-3.0.20.jar:3.0.20]
	at org.codehaus.groovy.control.ResolveVisitor.resolveOrFail(ResolveVisitor.java:329) ~[groovy-3.0.20.jar:3.0.20]
	at org.codehaus.groovy.control.ResolveVisitor.resolveOrFail(ResolveVisitor.java:325) ~[groovy-3.0.20.jar:3.0.20]
	at org.codehaus.groovy.control.ResolveVisitor.transformConstructorCallExpression(ResolveVisitor.java:1232) ~[groovy-3.0.20.jar:3.0.20]
	at org.codehaus.groovy.control.ResolveVisitor.transform(ResolveVisitor.java:906) ~[groovy-3.0.20.jar:3.0.20]
	at org.codehaus.groovy.control.ResolveVisitor.transformDeclarationExpression(ResolveVisitor.java:1294) ~[groovy-3.0.20.jar:3.0.20]
	at org.codehaus.groovy.control.ResolveVisitor.transform(ResolveVisitor.java:898) ~[groovy-3.0.20.jar:3.0.20]
	at org.codehaus.groovy.ast.ClassCodeExpressionTransformer.visitExpressionStatement(ClassCodeExpressionTransformer.java:108) ~[groovy-3.0.20.jar:3.0.20]
	at org.codehaus.groovy.ast.stmt.ExpressionStatement.visit(ExpressionStatement.java:40) ~[groovy-3.0.20.jar:3.0.20]
	at org.codehaus.groovy.ast.CodeVisitorSupport.visitBlockStatement(CodeVisitorSupport.java:86) ~[groovy-3.0.20.jar:3.0.20]
	at org.codehaus.groovy.ast.ClassCodeVisitorSupport.visitBlockStatement(ClassCodeVisitorSupport.java:164) ~[groovy-3.0.20.jar:3.0.20]
	at org.codehaus.groovy.control.ResolveVisitor.visitBlockStatement(ResolveVisitor.java:1562) ~[groovy-3.0.20.jar:3.0.20]
	at org.codehaus.groovy.ast.stmt.BlockStatement.visit(BlockStatement.java:69) ~[groovy-3.0.20.jar:3.0.20]
	at org.codehaus.groovy.ast.CodeVisitorSupport.visitTryCatchFinally(CodeVisitorSupport.java:133) ~[groovy-3.0.20.jar:3.0.20]
	at org.codehaus.groovy.ast.ClassCodeVisitorSupport.visitTryCatchFinally(ClassCodeVisitorSupport.java:242) ~[groovy-3.0.20.jar:3.0.20]
	at org.codehaus.groovy.ast.stmt.TryCatchStatement.visit(TryCatchStatement.java:47) ~[groovy-3.0.20.jar:3.0.20]
	at org.codehaus.groovy.ast.CodeVisitorSupport.visitBlockStatement(CodeVisitorSupport.java:86) ~[groovy-3.0.20.jar:3.0.20]
	at org.codehaus.groovy.ast.ClassCodeVisitorSupport.visitBlockStatement(ClassCodeVisitorSupport.java:164) ~[groovy-3.0.20.jar:3.0.20]
	at org.codehaus.groovy.control.ResolveVisitor.visitBlockStatement(ResolveVisitor.java:1562) ~[groovy-3.0.20.jar:3.0.20]
	at org.codehaus.groovy.ast.stmt.BlockStatement.visit(BlockStatement.java:69) ~[groovy-3.0.20.jar:3.0.20]
	at org.codehaus.groovy.ast.ClassCodeVisitorSupport.visitClassCodeContainer(ClassCodeVisitorSupport.java:138) ~[groovy-3.0.20.jar:3.0.20]
	at org.codehaus.groovy.ast.ClassCodeVisitorSupport.visitConstructorOrMethod(ClassCodeVisitorSupport.java:111) ~[groovy-3.0.20.jar:3.0.20]
	at org.codehaus.groovy.ast.ClassCodeExpressionTransformer.visitConstructorOrMethod(ClassCodeExpressionTransformer.java:66) ~[groovy-3.0.20.jar:3.0.20]
	at org.codehaus.groovy.control.ResolveVisitor.visitConstructorOrMethod(ResolveVisitor.java:293) ~[groovy-3.0.20.jar:3.0.20]
	at org.codehaus.groovy.ast.ClassCodeVisitorSupport.visitMethod(ClassCodeVisitorSupport.java:106) ~[groovy-3.0.20.jar:3.0.20]
	at org.codehaus.groovy.ast.ClassNode.visitMethods(ClassNode.java:1095) ~[groovy-3.0.20.jar:3.0.20]
	at org.codehaus.groovy.ast.ClassNode.visitContents(ClassNode.java:1088) ~[groovy-3.0.20.jar:3.0.20]
	at org.codehaus.groovy.ast.ClassCodeVisitorSupport.visitClass(ClassCodeVisitorSupport.java:52) ~[groovy-3.0.20.jar:3.0.20]
	at org.codehaus.groovy.control.ResolveVisitor.visitClass(ResolveVisitor.java:1479) ~[groovy-3.0.20.jar:3.0.20]
	at org.codehaus.groovy.control.ResolveVisitor.startResolving(ResolveVisitor.java:262) ~[groovy-3.0.20.jar:3.0.20]
	at org.codehaus.groovy.control.CompilationUnit.lambda$new$16(CompilationUnit.java:739) ~[groovy-3.0.20.jar:3.0.20]
	at org.codehaus.groovy.control.CompilationUnit$ISourceUnitOperation.doPhaseOperation(CompilationUnit.java:902) ~[groovy-3.0.20.jar:3.0.20]
	... 25 more
2026-04-10 12:49:29,367 INFO o.a.j.e.StandardJMeterEngine: All Setup Threads have ended
2026-04-10 12:49:29,409 INFO o.a.j.e.StandardJMeterEngine: Starting ThreadGroup: 1 : Usuarios - Login
2026-04-10 12:49:29,410 INFO o.a.j.e.StandardJMeterEngine: Starting 30 threads for group Usuarios - Login.
2026-04-10 12:49:29,410 INFO o.a.j.e.StandardJMeterEngine: Thread will continue on error
2026-04-10 12:49:29,410 INFO o.a.j.t.ThreadGroup: Starting thread group... number=1 threads=30 ramp-up=30 delayedStart=false
2026-04-10 12:49:29,413 INFO o.a.j.t.JMeterThread: Thread started: Usuarios - Login 1-1
2026-04-10 12:49:29,414 INFO o.a.j.s.FileServer: Stored: D:/Prueba_Tecnica_Jesus_Ramirez/ejercicio-performance/Ejercicio1/login_users.csv
2026-04-10 12:49:29,422 INFO o.a.j.t.ThreadGroup: Started thread group number 1
2026-04-10 12:49:29,422 INFO o.a.j.e.StandardJMeterEngine: All thread groups have been started
2026-04-10 12:49:29,435 INFO o.a.j.p.h.s.HTTPHCAbstractImpl: Local host = Yisus
2026-04-10 12:49:29,440 INFO o.a.j.p.h.s.HTTPHC4Impl: HTTP request retry count = 0
2026-04-10 12:49:30,414 INFO o.a.j.t.JMeterThread: Thread started: Usuarios - Login 1-2
2026-04-10 12:49:31,413 INFO o.a.j.t.JMeterThread: Thread started: Usuarios - Login 1-3
2026-04-10 12:49:32,413 INFO o.a.j.t.JMeterThread: Thread started: Usuarios - Login 1-4
2026-04-10 12:49:33,412 INFO o.a.j.t.JMeterThread: Thread started: Usuarios - Login 1-5
2026-04-10 12:49:34,412 INFO o.a.j.t.JMeterThread: Thread started: Usuarios - Login 1-6
2026-04-10 12:49:35,411 INFO o.a.j.t.JMeterThread: Thread started: Usuarios - Login 1-7
2026-04-10 12:49:36,411 INFO o.a.j.t.JMeterThread: Thread started: Usuarios - Login 1-8
2026-04-10 12:49:37,413 INFO o.a.j.t.JMeterThread: Thread started: Usuarios - Login 1-9
2026-04-10 12:49:38,412 INFO o.a.j.t.JMeterThread: Thread started: Usuarios - Login 1-10
2026-04-10 12:49:39,411 INFO o.a.j.t.JMeterThread: Thread started: Usuarios - Login 1-11
2026-04-10 12:49:40,411 INFO o.a.j.t.JMeterThread: Thread started: Usuarios - Login 1-12
2026-04-10 12:49:41,412 INFO o.a.j.t.JMeterThread: Thread started: Usuarios - Login 1-13
2026-04-10 12:49:42,412 INFO o.a.j.t.JMeterThread: Thread started: Usuarios - Login 1-14
2026-04-10 12:49:43,410 INFO o.a.j.t.JMeterThread: Thread started: Usuarios - Login 1-15
2026-04-10 12:49:44,412 INFO o.a.j.t.JMeterThread: Thread started: Usuarios - Login 1-16
2026-04-10 12:49:45,412 INFO o.a.j.t.JMeterThread: Thread started: Usuarios - Login 1-17
2026-04-10 12:49:46,410 INFO o.a.j.t.JMeterThread: Thread started: Usuarios - Login 1-18
2026-04-10 12:49:47,413 INFO o.a.j.t.JMeterThread: Thread started: Usuarios - Login 1-19
2026-04-10 12:49:48,413 INFO o.a.j.t.JMeterThread: Thread started: Usuarios - Login 1-20
2026-04-10 12:49:49,415 INFO o.a.j.t.JMeterThread: Thread started: Usuarios - Login 1-21
2026-04-10 12:49:50,414 INFO o.a.j.t.JMeterThread: Thread started: Usuarios - Login 1-22
2026-04-10 12:49:51,415 INFO o.a.j.t.JMeterThread: Thread started: Usuarios - Login 1-23
2026-04-10 12:49:52,415 INFO o.a.j.t.JMeterThread: Thread started: Usuarios - Login 1-24
2026-04-10 12:49:53,413 INFO o.a.j.t.JMeterThread: Thread started: Usuarios - Login 1-25
2026-04-10 12:49:54,413 INFO o.a.j.t.JMeterThread: Thread started: Usuarios - Login 1-26
2026-04-10 12:49:55,413 INFO o.a.j.t.JMeterThread: Thread started: Usuarios - Login 1-27
2026-04-10 12:49:56,414 INFO o.a.j.t.JMeterThread: Thread started: Usuarios - Login 1-28
2026-04-10 12:49:57,413 INFO o.a.j.t.JMeterThread: Thread started: Usuarios - Login 1-29
2026-04-10 12:49:58,413 INFO o.a.j.t.JMeterThread: Thread started: Usuarios - Login 1-30
2026-04-10 12:51:27,914 INFO o.a.j.t.JMeterThread: Thread finished: Usuarios - Login 1-6
2026-04-10 12:51:27,914 INFO o.a.j.t.JMeterThread: Thread finished: Usuarios - Login 1-4
2026-04-10 12:51:27,914 INFO o.a.j.t.JMeterThread: Thread finished: Usuarios - Login 1-5
2026-04-10 12:51:28,113 INFO o.a.j.t.JMeterThread: Thread finished: Usuarios - Login 1-27
2026-04-10 12:51:28,164 INFO o.a.j.t.JMeterThread: Thread finished: Usuarios - Login 1-16
2026-04-10 12:51:28,215 INFO o.a.j.t.JMeterThread: Thread finished: Usuarios - Login 1-10
2026-04-10 12:51:28,215 INFO o.a.j.t.JMeterThread: Thread finished: Usuarios - Login 1-2
2026-04-10 12:51:28,314 INFO o.a.j.t.JMeterThread: Thread finished: Usuarios - Login 1-14
2026-04-10 12:51:28,413 INFO o.a.j.t.JMeterThread: Thread finished: Usuarios - Login 1-8
2026-04-10 12:51:28,415 INFO o.a.j.t.JMeterThread: Thread finished: Usuarios - Login 1-30
2026-04-10 12:51:28,465 INFO o.a.j.t.JMeterThread: Thread finished: Usuarios - Login 1-26
2026-04-10 12:51:28,513 INFO o.a.j.t.JMeterThread: Thread finished: Usuarios - Login 1-17
2026-04-10 12:51:28,562 INFO o.a.j.t.JMeterThread: Thread finished: Usuarios - Login 1-7
2026-04-10 12:51:28,716 INFO o.a.j.t.JMeterThread: Thread finished: Usuarios - Login 1-25
2026-04-10 12:51:28,762 INFO o.a.j.t.JMeterThread: Thread finished: Usuarios - Login 1-18
2026-04-10 12:51:28,864 INFO o.a.j.t.JMeterThread: Thread finished: Usuarios - Login 1-29
2026-04-10 12:51:28,965 INFO o.a.j.t.JMeterThread: Thread finished: Usuarios - Login 1-24
2026-04-10 12:51:29,014 INFO o.a.j.t.JMeterThread: Thread finished: Usuarios - Login 1-19
2026-04-10 12:51:29,063 INFO o.a.j.t.JMeterThread: Thread finished: Usuarios - Login 1-15
2026-04-10 12:51:29,117 INFO o.a.j.t.JMeterThread: Thread finished: Usuarios - Login 1-23
2026-04-10 12:51:29,266 INFO o.a.j.t.JMeterThread: Thread finished: Usuarios - Login 1-22
2026-04-10 12:51:29,266 INFO o.a.j.t.JMeterThread: Thread finished: Usuarios - Login 1-28
2026-04-10 12:51:29,314 INFO o.a.j.t.JMeterThread: Thread finished: Usuarios - Login 1-13
2026-04-10 12:51:29,315 INFO o.a.j.t.JMeterThread: Thread finished: Usuarios - Login 1-20
2026-04-10 12:51:29,318 INFO o.a.j.t.JMeterThread: Thread finished: Usuarios - Login 1-21
2026-04-10 12:51:29,363 INFO o.a.j.t.JMeterThread: Thread finished: Usuarios - Login 1-11
2026-04-10 12:51:29,363 INFO o.a.j.t.JMeterThread: Thread finished: Usuarios - Login 1-12
2026-04-10 12:51:29,364 INFO o.a.j.t.JMeterThread: Thread finished: Usuarios - Login 1-3
2026-04-10 12:51:29,364 INFO o.a.j.t.JMeterThread: Thread finished: Usuarios - Login 1-9
2026-04-10 12:51:29,384 INFO o.a.j.t.JMeterThread: Thread finished: Usuarios - Login 1-1
2026-04-10 12:51:29,385 INFO o.a.j.e.StandardJMeterEngine: Notifying test listeners of end of test
2026-04-10 12:51:29,385 INFO o.a.j.s.FileServer: Close: D:/Prueba_Tecnica_Jesus_Ramirez/ejercicio-performance/Ejercicio1/login_users.csv
2026-04-10 12:51:29,386 INFO o.a.j.g.u.JMeterMenuBar: setRunning(false, *local*)
